version https://git-lfs.github.com/spec/v1
oid sha256:fc8d13198a5842ced649e250c3cb1c1da766b7607c9c8d5e2a3c763e075f1736
size 42
