version https://git-lfs.github.com/spec/v1
oid sha256:dd72f46f307cb5df75c0bd6c0113cb0d67cf4e3c6818cd2cae25b760eeeb2671
size 39
