version https://git-lfs.github.com/spec/v1
oid sha256:e377e09d8738c2120fc5e7450cd6595aa3c16eed2b3d62fb7ffdce1da2221026
size 30
