version https://git-lfs.github.com/spec/v1
oid sha256:978a171c88a9ac56eb870ec74766c7f121553a84f99787c03f95cd57d75e829c
size 20
