version https://git-lfs.github.com/spec/v1
oid sha256:a8632504239550a48138cea50cfa231ddb5e0051c13343dacdb8a876cb858623
size 210
