version https://git-lfs.github.com/spec/v1
oid sha256:c7b287dade54a7813703d3d32681957f01bb72c7edec3edd50b8966c01827d3e
size 156
