version https://git-lfs.github.com/spec/v1
oid sha256:db8b228de9b7ef63dca09bcfe3454319c075a0eabf0239d1d6410e110fff77a8
size 63
