version https://git-lfs.github.com/spec/v1
oid sha256:96bde009a39ca76073e88be1be654733b4e829f8f89588a9281d9a7f1dff261b
size 4
