version https://git-lfs.github.com/spec/v1
oid sha256:1c623a31cc61d466dfc4e05eda43a7cebcf97349b82b921ebb5ff213c674c329
size 25
