version https://git-lfs.github.com/spec/v1
oid sha256:b9ca592bd479236d0729747b301f2646097fbcf3f50c43e25c192a119565548f
size 43
