version https://git-lfs.github.com/spec/v1
oid sha256:421a244564c34296e185cdcf70d2269227ae102f2e7eeef94afddd495c4e06c2
size 9
