version https://git-lfs.github.com/spec/v1
oid sha256:4d0e949f309948ed62d15abaaf026715231af881ec4aeb510ac2d80a038dbd39
size 137
