version https://git-lfs.github.com/spec/v1
oid sha256:0db1f39a3f452e6508906b4c4dcd8635e749eb060a6fc8d70ac37321f6a36702
size 3
