version https://git-lfs.github.com/spec/v1
oid sha256:a96e248841634a561af02287c919ef20f6d0a97fd251f9cdc9ee3b3681fc9d90
size 9
