version https://git-lfs.github.com/spec/v1
oid sha256:005a82dd272e1c55b9e9bcfad8844ac718c50f87bc8fa86d6f89dab02f1484f3
size 95
