version https://git-lfs.github.com/spec/v1
oid sha256:8fad7c8112ab862bbe584c99c81c023def4722718eaf28052546f07ed9f901dd
size 10
