version https://git-lfs.github.com/spec/v1
oid sha256:8b0c860f307644564c4673f4baabea03ffd16216a793b5289a0d68092bb80f64
size 5
