version https://git-lfs.github.com/spec/v1
oid sha256:4cd0e0c010cccbeccfc470a7a74d9db74e2b9bc52bc7a31699d9c793ef028acc
size 49
