version https://git-lfs.github.com/spec/v1
oid sha256:82bbeba8b392428f72666b0dd917fb5e095d4d13054cc160d02ee6ef3782e662
size 6
