version https://git-lfs.github.com/spec/v1
oid sha256:f913656fc67ed4c824bebf97f6c2f46e078117ca223a253116fbcdf1f62e0430
size 65
