version https://git-lfs.github.com/spec/v1
oid sha256:2b50092b7557011e06f5199351b21dd9077bdfdcf783c4e5097c8b887b519a6f
size 172
