version https://git-lfs.github.com/spec/v1
oid sha256:29b4c83a40aa8a8282a6cef52ef1e7620012ed27ca78c7d3e512be68d4d9f1ed
size 45
