version https://git-lfs.github.com/spec/v1
oid sha256:054a6d59fc2927c6ef9f53cd29535613bcad568f8f929b415304fb0eaa6fb3fc
size 37
