version https://git-lfs.github.com/spec/v1
oid sha256:40ba8c272ccbab1385a02cee8fc202a8fcd3fa7cbb890a0b058f714055ee48ae
size 56
