version https://git-lfs.github.com/spec/v1
oid sha256:1c48936c62237174a0e68d6fe197fa5c0b64b67e25a5a4a18f8f5d42432cde55
size 110
