version https://git-lfs.github.com/spec/v1
oid sha256:4ca91596c659e96567d1ec006c75531650e60cfaccf470b1e034e2916ccc0461
size 230
