version https://git-lfs.github.com/spec/v1
oid sha256:0d6375103bde4f85ee93138299bf24b0b5332fe97fef3ef4649d54b8fe716f16
size 22
