version https://git-lfs.github.com/spec/v1
oid sha256:44e9e46775e45aacc8f94b9e5d32a9cd4af304e3142667ff1c5f4e03f9a0e379
size 165
