version https://git-lfs.github.com/spec/v1
oid sha256:a2c45a72873eba566b23b6ae56011ee60d3dd8fed2f59ab7f0640f15063f70a5
size 73
