version https://git-lfs.github.com/spec/v1
oid sha256:554cc6c94b59880bd0a0c1bbfa8e3e0dbcc09113081b81a9d181d09ec541b1f1
size 186
