version https://git-lfs.github.com/spec/v1
oid sha256:ebcec57ca59302d8a067811764a78019dcc977c1a03a60d8879e90352a359b71
size 37
