version https://git-lfs.github.com/spec/v1
oid sha256:22cf35702f1e9cf01079d97e6a2c799f380b2a7ea6acea39392300a8d42f2c08
size 3
