version https://git-lfs.github.com/spec/v1
oid sha256:72713d15fb303bfb9331e7ae453ae542ac2fa4b83388819aa81bc056c2a20dbf
size 169
