version https://git-lfs.github.com/spec/v1
oid sha256:6b17760bbe77bb4346b1e7237c90bb37a835c67078b7c0ddcf4f3dae7eb2ce17
size 28
