version https://git-lfs.github.com/spec/v1
oid sha256:d9d3b8d998dc193ed2347b997f646799c4e688bd2bf06123719ddd142c65ca9b
size 8
