version https://git-lfs.github.com/spec/v1
oid sha256:e96747789044d8023080cadfaf2c19d86becb4aeb3f27eb63d57a641995dba9f
size 408
