version https://git-lfs.github.com/spec/v1
oid sha256:bacf8097cc930947ad3233e8d38b81b7ae272ddf7d72373650bab990f5692d85
size 30
