version https://git-lfs.github.com/spec/v1
oid sha256:c1c7b9a6a1eea9a12cbd6c8c123379a9bfd5b0332f089f097bab930a34f2338a
size 88
