version https://git-lfs.github.com/spec/v1
oid sha256:a723578b1bc168c829ad1fe05e6de526800bdf40a8cc051848df7169232bc89c
size 1118
