version https://git-lfs.github.com/spec/v1
oid sha256:4b2fd15368c062d9edba6e0a40feb7dddb5b55177ed2fb50ea7f9dd142589ee3
size 12
