version https://git-lfs.github.com/spec/v1
oid sha256:bd4559fcb7b8252a83f64224d806b1e415fd1f11c9a9164f0624f1135fd7a99b
size 9
