version https://git-lfs.github.com/spec/v1
oid sha256:952a6ed8eedc7650b1963b41efd7d83d68e78d7bc8d63bd28d66dcf800f5a2d6
size 4
