version https://git-lfs.github.com/spec/v1
oid sha256:2e7844fe1b0c281a1c3c55a1df24d1537a7c6d314a98e786d8dc6852a90a2c33
size 1081
