version https://git-lfs.github.com/spec/v1
oid sha256:5d2ab0fed181223bf59e85f1fae25627643bce0fac7b48ababa2b8b6fc27bdcd
size 30
