version https://git-lfs.github.com/spec/v1
oid sha256:ac6e113ccc530cd144d07596faaa32409c5a0bc1cd2fb423a7cedbc4f8967c3c
size 96
