version https://git-lfs.github.com/spec/v1
oid sha256:42d6445d6ff7a4981987a2e9477b49ecbb1e070593146280ce163fb1f3f89211
size 632
