version https://git-lfs.github.com/spec/v1
oid sha256:7d483057536aeee60aab6829be31eb9588eb636bb781c00e04c9d7326ab9653b
size 728
