version https://git-lfs.github.com/spec/v1
oid sha256:f9db83e3234b60f7d034b1789672e27d7a13306ad980998ce99b5a58c06b46c2
size 285
