version https://git-lfs.github.com/spec/v1
oid sha256:e0ba8b72f361b6f4f71dc78a0b7a570475bdd44e176caad604ba134208475403
size 6
