version https://git-lfs.github.com/spec/v1
oid sha256:8b945176c82990d67ddaf1923c1397cc28586a18eea313faca3318f185e765b8
size 172
